<?xml version="1.0" encoding="utf-8"?><testsuites><testsuite name="pytest" errors="0" failures="0" skipped="0" tests="9" time="0.321" timestamp="2025-03-16T11:33:44.597780" hostname="WS01.local"><testcase classname="unit.services.torncity.test_members_pull.TestMembersPull" name="test_members_data_pull" time="0.018" /><testcase classname="unit.services.torncity.test_members_pull.TestMembersPull" name="test_empty_members_response" time="0.005" /><testcase classname="unit.services.torncity.test_members_pull.TestMembersPull" name="test_empty_records_list" time="0.006" /><testcase classname="unit.services.torncity.test_members_pull.TestMembersPull" name="test_empty_dataframe_after_processing" time="0.005" /><testcase classname="unit.services.torncity.test_members_pull.TestMembersPull" name="test_invalid_members_data" time="0.006" /><testcase classname="unit.services.torncity.test_members_pull.TestMembersPull" name="test_members_data_validation" time="0.008" /><testcase classname="unit.services.torncity.test_members_pull.TestMembersPull" name="test_empty_valid_members_data" time="0.006" /><testcase classname="unit.services.torncity.test_members_pull.TestMembersPull" name="test_members_error_handling" time="0.006" /><testcase classname="unit.services.torncity.test_members_pull.TestMembersPull" name="test_members_data_update" time="0.009" /></testsuite></testsuites>